// Jest Snapshot v1, https://goo.gl/fbAQLP

exports[`configureStore should create store 1`] = `
Object {
  "dispatch": [Function],
  "getState": [Function],
  "replaceReducer": [Function],
  "subscribe": [Function],
  Symbol(observable): [Function],
}
`;

exports[`configureStore should create store 2`] = `
Object {
  "applicationConfig": Object {
    "books": Array [],
    "hasError": false,
    "isApiCallInProgress": Array [],
  },
  "books": Object {
    "books": Array [],
    "error": undefined,
    "hasError": false,
    "isApiCallInProgress": false,
  },
  "router": Object {
    "action": "POP",
    "location": Object {
      "hash": "",
      "key": "default",
      "pathname": "/",
      "query": Object {},
      "search": "",
      "state": null,
    },
  },
}
`;
